[hintjens.com/index.html]
[backblue.gif]
[fade.gif]
[index.html]
[hintjens.com/local--favicon/favicon.gif]
[hintjens.com/common--images/apple-touch-icon-57x57.png]
[hintjens.com/common--images/apple-touch-icon-72x72.png]
[hintjens.com/common--images/apple-touch-icon-114x114.png]
[hintjens.com/onesignal/manifest.5.delayed]
[hintjens.com/blog__zeromq.html]
[hintjens.com/blog__community.html]
[hintjens.com/blog__unprotocols.html]
[hintjens.com/blog__psychopaths.html]
[hintjens.com/main_biography.html]
[hintjens.com/main_portfolio.html]
[hintjens.com/books.html]
[hintjens.com/contact.html]
[hintjens.com/legal_start.html]
[hintjens.com/about.html]
[hintjens.com/feed/pages/pagename/blog__start/category/blog/tags/-nofront/limit/999/t/Hintjens]
[hintjens.com/_admin.html]
[hintjens.com/admin_themes.html]
[hintjens.com/nav_top.html]
[hintjens.com/blog_74.html]
[hintjens.com/blog_124.html]
[hintjens.com/blog_125.html]
[hintjens.com/blog_123.html]
[hintjens.com/blog_122.html]
[hintjens.com/blog_121.html]
[hintjens.com/blog_120.html]
[hintjens.com/blog_119.html]
[hintjens.com/blog_118.html]
[hintjens.com/blog_116.html]
[hintjens.com/blog_117.html]
[hintjens.com/blog_115.html]
[hintjens.com/blog_114.html]
[hintjens.com/blog_113.html]
[hintjens.com/blog_112.html]
[hintjens.com/blog_111.html]
[hintjens.com/blog_110.html]
[hintjens.com/blog_109.html]
[hintjens.com/blog_108.html]
[hintjens.com/blog_107.html]
[hintjens.com/blog_106.html]
[hintjens.com/blog_105.html]
[hintjens.com/blog_104.html]
[hintjens.com/blog_103.html]
[hintjens.com/blog_102.html]
[hintjens.com/blog_101.html]
[hintjens.com/blog_100.html]
[hintjens.com/blog_99.html]
[hintjens.com/blog_98.html]
[hintjens.com/blog_97.html]
[hintjens.com/blog_96.html]
[hintjens.com/blog_95.html]
[hintjens.com/blog_94.html]
[hintjens.com/blog_93.html]
[hintjens.com/blog_86.html]
[hintjens.com/blog_85.html]
[hintjens.com/blog_84.html]
[hintjens.com/blog_83.html]
[hintjens.com/blog_81.html]
[hintjens.com/blog_80.html]
[hintjens.com/blog_79.html]
[hintjens.com/blog_77.html]
[hintjens.com/blog_76.html]
[hintjens.com/blog_75.html]
[hintjens.com/blog_73.html]
[hintjens.com/blog_72.html]
[hintjens.com/blog_71.html]
[hintjens.com/blog_70.html]
[hintjens.com/blog_69.html]
[hintjens.com/blog_68.html]
[hintjens.com/blog_62.html]
[hintjens.com/blog_53.html]
[hintjens.com/blog_49.html]
[hintjens.com/blog_48.html]
[hintjens.com/blog_47.html]
[hintjens.com/blog_46.html]
[hintjens.com/blog_45.html]
[hintjens.com/blog_44.html]
[hintjens.com/blog_43.html]
[hintjens.com/blog_42.html]
[hintjens.com/blog_41.html]
[hintjens.com/blog_40.html]
[hintjens.com/blog_39.html]
[hintjens.com/blog_36.html]
[hintjens.com/blog_38.html]
[hintjens.com/blog_37.html]
[hintjens.com/blog_35.html]
[hintjens.com/blog_34.html]
[hintjens.com/blog_33.html]
[hintjens.com/blog_32.html]
[hintjens.com/blog_31.html]
[hintjens.com/blog_30.html]
[hintjens.com/blog_29.html]
[hintjens.com/blog_28.html]
[hintjens.com/blog_27.html]
[hintjens.com/blog_26.html]
[hintjens.com/blog_25.html]
[hintjens.com/blog_24.html]
[hintjens.com/blog_23.html]
[hintjens.com/blog_22.html]
[hintjens.com/blog_21.html]
[hintjens.com/blog_20.html]
[hintjens.com/blog_19.html]
[hintjens.com/blog_18.html]
[hintjens.com/blog_17.html]
[hintjens.com/blog_16.html]
[hintjens.com/blog_15.html]
[hintjens.com/blog_14.html]
[hintjens.com/blog_13.html]
[hintjens.com/blog_12.html]
[hintjens.com/blog_11.html]
[hintjens.com/blog_10.html]
[hintjens.com/blog_9.html]
[hintjens.com/blog_8.html]
[hintjens.com/blog_7.html]
[hintjens.com/blog_6.html]
[hintjens.com/blog_5.html]
[hintjens.com/blog_4.html]
[hintjens.com/blog_3.html]
[hintjens.com/blog_2.html]
[hintjens.com/blog_1.html]
[hintjens.com/common--theme/base/images/feed/feed-icon-14x14.png]
[hintjens.com/index.html]
[hintjens.com/onesignal/manifest.html]
[hintjens.com/blog__start/tag/community.html]
[hintjens.com/blog__zeromq.html]
[hintjens.com/blog__start/tag/zeromq.html]
[hintjens.com/blog__start/tag/security.html]
[hintjens.com/feed/pages/pagename/blog__zeromq/category/blog/tags/zeromq/limit/999/t/Hintjens]
[hintjens.com/blog__start/tag/psychopaths.html]
[hintjens.com/blog__start/tag/writing.html]
[hintjens.com/blog__community.html]
[hintjens.com/blog__start/tag/process.html]
[hintjens.com/blog__start/tag/git.html]
[hintjens.com/feed/pages/pagename/blog__community/category/blog/tags/community/limit/999/t/Hintjens]
[hintjens.com/feed/pages/pagename/blog__unprotocols/category/blog/tags/unprotocols/limit/999/t/Hintjens]
[hintjens.com/blog__unprotocols.html]
[hintjens.com/blog__psychopaths.html]
[hintjens.com/blog__start/tag/unprotocols.html]
[hintjens.com/blog__start/tag/amqp.html]
[hintjens.com/main_biography.html]
[hintjens.com/main_portfolio.html]
[hintjens.com/books.html]
[hintjens.com/contact.html]
[hintjens.com/blog__start.html]
[hintjens.com/legal_start.html]
[hintjens.com/about.html]
[hintjens.com/legal_terms-of-use.html]
[hintjens.com/legal_privacy-policy.html]
[hintjens.com/common--images/apple-touch-icon-57x57.b2.delayed]
[hintjens.com/common--images/top-bar-logo.png]
[hintjens.com/common--images/404_homer.png]
[hintjens.com/_admin.html]
[hintjens.com/admin_themes.html]
[hintjens.com/nav_top.html]
[hintjens.com/feed/page/comments-21339563.xml]
[hintjens.com/blog_74.html]
[hintjens.com/system_page-tags/tag/community.html]
[hintjens.com/feed/page/comments-45404581.xml]
[hintjens.com/blog_125.html]
[hintjens.com/feed/page/comments-45136444.xml]
[hintjens.com/blog_124.html]
[hintjens.com/feed/page/comments-45060678.xml]
[hintjens.com/blog_123.html]
[hintjens.com/feed/page/comments-44679081.xml]
[hintjens.com/blog_122.html]
[hintjens.com/feed/page/comments-44550221.xml]
[hintjens.com/blog_121.html]
[hintjens.com/feed/page/comments-44054417.xml]
[hintjens.com/blog_120.html]
[hintjens.com/feed/page/comments-44013282.xml]
[hintjens.com/blog_119.html]
[hintjens.com/feed/page/comments-43983172.xml]
[hintjens.com/blog_118.html]
[hintjens.com/feed/page/comments-43765414.xml]
[hintjens.com/blog_117.html]
[hintjens.com/feed/page/comments-43747847.xml]
[hintjens.com/blog_116.html]
[hintjens.com/feed/page/comments-43457852.xml]
[hintjens.com/blog_115.html]
[hintjens.com/feed/page/comments-39446577.xml]
[hintjens.com/blog_114.html]
[hintjens.com/feed/page/comments-39342498.xml]
[hintjens.com/blog_113.html]
[hintjens.com/feed/page/comments-36260705.xml]
[hintjens.com/blog_112.html]
[hintjens.com/feed/page/comments-36241814.xml]
[hintjens.com/blog_111.html]
[hintjens.com/feed/page/comments-31731785.xml]
[hintjens.com/blog_110.html]
[hintjens.com/feed/page/comments-29007019.xml]
[hintjens.com/blog_109.html]
[hintjens.com/feed/page/comments-28916774.xml]
[hintjens.com/blog_108.html]
[hintjens.com/feed/page/comments-28893907.xml]
[hintjens.com/blog_107.html]
[hintjens.com/feed/page/comments-28575796.xml]
[hintjens.com/blog_106.html]
[hintjens.com/feed/page/comments-28493847.xml]
[hintjens.com/system_page-tags/tag/psychopaths.html]
[hintjens.com/blog_105.html]
[hintjens.com/feed/page/comments-28129214.xml]
[hintjens.com/blog_104.html]
[hintjens.com/feed/page/comments-28129031.xml]
[hintjens.com/blog_103.html]
[hintjens.com/feed/page/comments-28080916.xml]
[hintjens.com/blog_102.html]
[hintjens.com/feed/page/comments-28080560.xml]
[hintjens.com/blog_101.html]
[hintjens.com/feed/page/comments-27797905.xml]
[hintjens.com/blog_100.html]
[hintjens.com/feed/page/comments-27696577.xml]
[hintjens.com/blog_99.html]
[hintjens.com/feed/page/comments-27687948.xml]
[hintjens.com/blog_98.html]
[hintjens.com/feed/page/comments-27655439.xml]
[hintjens.com/blog_97.html]
[hintjens.com/feed/page/comments-27622572.xml]
[hintjens.com/blog_96.html]
[hintjens.com/feed/page/comments-27617911.xml]
[hintjens.com/blog_95.html]
[hintjens.com/feed/page/comments-27563113.xml]
[hintjens.com/blog_94.html]
[hintjens.com/feed/page/comments-27556883.xml]
[hintjens.com/system_page-tags/tag/zeromq.html]
[hintjens.com/blog_93.html]
[hintjens.com/feed/page/comments-24643414.xml]
[hintjens.com/blog_86.html]
[hintjens.com/feed/page/comments-24630574.xml]
[hintjens.com/blog_85.html]
[hintjens.com/feed/page/comments-24609095.xml]
[hintjens.com/blog_84.html]
[hintjens.com/feed/page/comments-24284266.xml]
[hintjens.com/blog_83.html]
[hintjens.com/feed/page/comments-24203326.xml]
[hintjens.com/system_page-tags/tag/cretanology.html]
[hintjens.com/blog_81.html]
[hintjens.com/feed/page/comments-24132120.xml]
[hintjens.com/blog_80.html]
[hintjens.com/feed/page/comments-24109170.xml]
[hintjens.com/blog_79.html]
[hintjens.com/feed/page/comments-23844027.xml]
[hintjens.com/blog_77.html]
[hintjens.com/feed/page/comments-23722842.xml]
[hintjens.com/main_courses.html]
[hintjens.com/blog_76.html]
[hintjens.com/feed/page/comments-21862585.xml]
[hintjens.com/blog_75.html]
[hintjens.com/feed/page/comments-20974080.xml]
[hintjens.com/blog_73.html]
[hintjens.com/feed/page/comments-20672931.xml]
[hintjens.com/blog_72.html]
[hintjens.com/feed/page/comments-20530194.xml]
[hintjens.com/blog_71.html]
[hintjens.com/feed/page/comments-20505240.xml]
[hintjens.com/blog_70.html]
[hintjens.com/feed/page/comments-20389239.xml]
[hintjens.com/blog_69.html]
[hintjens.com/feed/page/comments-20359594.xml]
[hintjens.com/blog_68.html]
[hintjens.com/feed/page/comments-20275882.xml]
[hintjens.com/blog_62.html]
[hintjens.com/feed/page/comments-20087981.xml]
[hintjens.com/blog_53.html]
[hintjens.com/feed/page/comments-19941455.xml]
[hintjens.com/system_page-tags/tag/security.html]
[hintjens.com/blog_49.html]
[hintjens.com/feed/page/comments-19787605.xml]
[hintjens.com/blog_48.html]
[hintjens.com/feed/page/comments-19033453.xml]
[hintjens.com/system_page-tags/tag/writing.html]
[hintjens.com/blog_47.html]
[hintjens.com/feed/page/comments-18679106.xml]
[hintjens.com/blog_46.html]
[hintjens.com/feed/page/comments-18648064.xml]
[hintjens.com/blog_45.html]
[hintjens.com/feed/page/comments-17704883.xml]
[hintjens.com/blog_44.html]
[hintjens.com/feed/page/comments-17698141.xml]
[hintjens.com/blog_43.html]
[hintjens.com/feed/page/comments-17693841.xml]
[hintjens.com/blog_42.html]
[hintjens.com/feed/page/comments-17521644.xml]
[hintjens.com/system_page-tags/tag/unprotocols.html]
[hintjens.com/blog_41.html]
[hintjens.com/feed/page/comments-17497304.xml]
[hintjens.com/system_page-tags/tag/music.html]
[hintjens.com/system_page-tags/tag/random.html]
[hintjens.com/blog_40.html]
[hintjens.com/feed/page/comments-17484658.xml]
[hintjens.com/blog_39.html]
[hintjens.com/feed/page/comments-16900472.xml]
[hintjens.com/blog_36.html]
[hintjens.com/feed/page/comments-16980376.xml]
[hintjens.com/blog_38.html]
[hintjens.com/feed/page/comments-16979726.xml]
[hintjens.com/blog_37.html]
[hintjens.com/feed/page/comments-16688196.xml]
[hintjens.com/blog_35.html]
[hintjens.com/feed/page/comments-16676891.xml]
[hintjens.com/blog_34.html]
[hintjens.com/feed/page/comments-16534300.xml]
[hintjens.com/blog_33.html]
[hintjens.com/feed/page/comments-16523038.xml]
[hintjens.com/blog_32.html]
[hintjens.com/feed/page/comments-16326713.xml]
[hintjens.com/system_page-tags/tag/patents.html]
[hintjens.com/blog_31.html]
[hintjens.com/feed/page/comments-16326479.xml]
[hintjens.com/system_page-tags/tag/codeconnected.html]
[hintjens.com/blog_30.html]
[hintjens.com/feed/page/comments-16150814.xml]
[hintjens.com/blog_29.html]
[hintjens.com/feed/page/comments-14752112.xml]
[hintjens.com/system_page-tags/tag/amqp.html]
[hintjens.com/blog_28.html]
[hintjens.com/feed/page/comments-14337907.xml]
[hintjens.com/system_page-tags/tag/process.html]
[hintjens.com/blog_27.html]
[hintjens.com/feed/page/comments-13401887.xml]
[hintjens.com/blog_26.html]
[hintjens.com/feed/page/comments-13312601.xml]
[hintjens.com/blog_25.html]
[hintjens.com/feed/page/comments-13304156.xml]
[hintjens.com/system_page-tags/tag/git.html]
[hintjens.com/blog_24.html]
[hintjens.com/feed/page/comments-13050430.xml]
[hintjens.com/blog_23.html]
[hintjens.com/feed/page/comments-12837083.xml]
[hintjens.com/blog_22.html]
[hintjens.com/feed/page/comments-12690131.xml]
[hintjens.com/blog_21.html]
[hintjens.com/feed/page/comments-12667287.xml]
[hintjens.com/blog_20.html]
[hintjens.com/feed/page/comments-12626596.xml]
[hintjens.com/blog_19.html]
[hintjens.com/feed/page/comments-12606690.xml]
[hintjens.com/blog_18.html]
[hintjens.com/feed/page/comments-11820994.xml]
[hintjens.com/blog_17.html]
[hintjens.com/feed/page/comments-11418507.xml]
[hintjens.com/blog_16.html]
[hintjens.com/feed/page/comments-11027003.xml]
[hintjens.com/blog_15.html]
[hintjens.com/feed/page/comments-10579256.xml]
[hintjens.com/blog_14.html]
[hintjens.com/feed/page/comments-10530517.xml]
[hintjens.com/blog_13.html]
[hintjens.com/feed/page/comments-10521983.xml]
[hintjens.com/blog_12.html]
[hintjens.com/feed/page/comments-10512349.xml]
[hintjens.com/blog_11.html]
[hintjens.com/feed/page/comments-10452712.xml]
[hintjens.com/blog_10.html]
[hintjens.com/feed/page/comments-10441328.xml]
[hintjens.com/blog_9.html]
[hintjens.com/feed/page/comments-10436713.xml]
[hintjens.com/blog_8.html]
[hintjens.com/feed/page/comments-10343499.xml]
[hintjens.com/blog_7.html]
[hintjens.com/feed/page/comments-9849129.xml]
[hintjens.com/blog_6.html]
[hintjens.com/feed/page/comments-9835086.xml]
[hintjens.com/blog_5.html]
[hintjens.com/feed/page/comments-9741134.xml]
[hintjens.com/blog_4.html]
[hintjens.com/feed/page/comments-9700045.xml]
[hintjens.com/blog_3.html]
[hintjens.com/feed/page/comments-9699910.xml]
[hintjens.com/blog_2.html]
[hintjens.com/feed/page/comments-9699584.xml]
[hintjens.com/blog_1.html]
[hintjens.com/blog__start/tag/community.html]
[hintjens.com/blog__start/tag/zeromq.html]
[hintjens.com/blog__start/tag/security.html]
[hintjens.com/feed/pages/pagename/blog__start/category/blog/tags/community/limit/999/t/Hintjens]
[hintjens.com/blog__start/tag/psychopaths.html]
[hintjens.com/feed/pages/pagename/blog__start/category/blog/tags/psychopaths/limit/999/t/Hintjens]
[hintjens.com/blog__start/tag/writing.html]
[hintjens.com/feed/pages/pagename/blog__start/category/blog/tags/security/limit/999/t/Hintjens]
[hintjens.com/blog__start/tag/process.html]
[hintjens.com/feed/pages/pagename/blog__start/category/blog/tags/process/limit/999/t/Hintjens]
[hintjens.com/blog__start/tag/git.html]
[hintjens.com/feed/pages/pagename/blog__start/category/blog/tags/git/limit/999/t/Hintjens]
[hintjens.com/feed/pages/pagename/blog__start/category/blog/tags/zeromq/limit/999/t/Hintjens]
[hintjens.com/feed/pages/pagename/blog__start/category/blog/tags/writing/limit/999/t/Hintjens]
[hintjens.com/blog__start/tag/unprotocols.html]
[hintjens.com/blog__start/tag/amqp.html]
[hintjens.com/blog__start.html]
[hintjens.com/legal_terms-of-use.html]
[hintjens.com/legal_privacy-policy.html]
[hintjens.com/common--images/apple-touch-icon-57x57.html]
[hintjens.com/feed/pages/pagename/blog__start/category/blog/tags/unprotocols/limit/999/t/Hintjens]
[hintjens.com/feed/pages/pagename/blog__start/category/blog/tags/amqp/limit/999/t/Hintjens]
[hintjens.com/system_page-tags/tag/community.html]
[hintjens.com/system_page-tags/tag/psychopaths.html]
[hintjens.com/system_page-tags/tag/zeromq.html]
[hintjens.com/system_page-tags/tag/cretanology.html]
[hintjens.com/main_courses.html]
[hintjens.com/system_page-tags/tag/security.html]
[hintjens.com/system_page-tags/tag/writing.html]
[hintjens.com/system_page-tags/tag/unprotocols.html]
[hintjens.com/system_page-tags/tag/music.html]
[hintjens.com/system_page-tags/tag/random.html]
[hintjens.com/system_page-tags/tag/patents.html]
[hintjens.com/system_page-tags/tag/codeconnected.html]
[hintjens.com/system_page-tags/tag/amqp.html]
[hintjens.com/system_page-tags/tag/process.html]
[hintjens.com/system_page-tags/tag/git.html]
[hintjens.com/system_page-tags/tag/psychopath.html]
[hintjens.com/system_page-tags/tag/psychopath.html]
[hintjens.com/main_courses-brussels.html]
[hintjens.com/main_courses-brussels.html]
